

================================================================
== Vivado HLS Report for 'compute'
================================================================
* Date:           Sat Apr 15 16:39:14 2017

* Version:        2016.3 (Build 1721985 on Tue Nov 29 18:45:36 MST 2016)
* Project:        sharpen_kernel
* Solution:       solution_OCL_REGION_0
* Product family: virtex7
* Target device:  xc7vx690tffg1157-2


================================================================
== Performance Estimates
================================================================
+ Timing (ns): 
    * Summary: 
    +--------+-------+----------+------------+
    |  Clock | Target| Estimated| Uncertainty|
    +--------+-------+----------+------------+
    |ap_clk  |   5.00|      3.42|        1.35|
    +--------+-------+----------+------------+

+ Latency (clock cycles): 
    * Summary: 
    +-----+------+-----+------+---------+
    |   Latency  |  Interval  | Pipeline|
    | min |  max | min |  max |   Type  |
    +-----+------+-----+------+---------+
    |    1|  1074|    1|  1074|   none  |
    +-----+------+-----+------+---------+

    + Detail: 
        * Instance: 
        N/A

        * Loop: 
        +----------+------+------+----------+-----------+-----------+------+----------+
        |          |   Latency   | Iteration|  Initiation Interval  | Trip |          |
        | Loop Name|  min |  max |  Latency |  achieved |   target  | Count| Pipelined|
        +----------+------+------+----------+-----------+-----------+------+----------+
        |- Loop 1  |  1036|  1036|         5|          1|          1|  1033|    yes   |
        +----------+------+------+----------+-----------+-----------+------+----------+



================================================================
== Utilization Estimates
================================================================
* Summary: 
+-----------------+---------+-------+--------+--------+
|       Name      | BRAM_18K| DSP48E|   FF   |   LUT  |
+-----------------+---------+-------+--------+--------+
|DSP              |        -|      -|       -|       -|
|Expression       |        -|      -|       0|    3453|
|FIFO             |        -|      -|       -|       -|
|Instance         |        -|      -|     576|     640|
|Memory           |        -|      -|       -|       -|
|Multiplexer      |        -|      -|       -|      86|
|Register         |        -|      -|    4051|      28|
+-----------------+---------+-------+--------+--------+
|Total            |        0|      0|    4627|    4207|
+-----------------+---------+-------+--------+--------+
|Available        |     2940|   3600|  866400|  433200|
+-----------------+---------+-------+--------+--------+
|Utilization (%)  |        0|      0|   ~0   |   ~0   |
+-----------------+---------+-------+--------+--------+

+ Detail: 
    * Instance: 
    +---------------------------------------------+-----------------------------------------+---------+-------+-----+-----+
    |                   Instance                  |                  Module                 | BRAM_18K| DSP48E|  FF | LUT |
    +---------------------------------------------+-----------------------------------------+---------+-------+-----+-----+
    |sharpen_kernel_sdiv_32ns_32ns_32_36_seq_U22  |sharpen_kernel_sdiv_32ns_32ns_32_36_seq  |        0|      0|  288|  320|
    |sharpen_kernel_srem_32ns_32ns_32_36_seq_U21  |sharpen_kernel_srem_32ns_32ns_32_36_seq  |        0|      0|  288|  320|
    +---------------------------------------------+-----------------------------------------+---------+-------+-----+-----+
    |Total                                        |                                         |        0|      0|  576|  640|
    +---------------------------------------------+-----------------------------------------+---------+-------+-----+-----+

    * DSP48: 
    N/A

    * Memory: 
    N/A

    * FIFO: 
    N/A

    * Expression: 
    +---------------------------------+----------+-------+---+----+------------+------------+
    |          Variable Name          | Operation| DSP48E| FF| LUT| Bitwidth P0| Bitwidth P1|
    +---------------------------------+----------+-------+---+----+------------+------------+
    |assign_97_10_fu_4130_p2          |     +    |      0|  0|  16|          16|          16|
    |assign_97_11_fu_4190_p2          |     +    |      0|  0|  16|          16|          16|
    |assign_97_12_fu_4250_p2          |     +    |      0|  0|  16|          16|          16|
    |assign_97_13_fu_4310_p2          |     +    |      0|  0|  16|          16|          16|
    |assign_97_14_fu_4370_p2          |     +    |      0|  0|  16|          16|          16|
    |assign_97_1_fu_3530_p2           |     +    |      0|  0|  16|          16|          16|
    |assign_97_2_fu_3590_p2           |     +    |      0|  0|  16|          16|          16|
    |assign_97_3_fu_3650_p2           |     +    |      0|  0|  16|          16|          16|
    |assign_97_4_fu_3710_p2           |     +    |      0|  0|  16|          16|          16|
    |assign_97_5_fu_3770_p2           |     +    |      0|  0|  16|          16|          16|
    |assign_97_6_fu_3830_p2           |     +    |      0|  0|  16|          16|          16|
    |assign_97_7_fu_3890_p2           |     +    |      0|  0|  16|          16|          16|
    |assign_97_8_fu_3950_p2           |     +    |      0|  0|  16|          16|          16|
    |assign_97_9_fu_4010_p2           |     +    |      0|  0|  16|          16|          16|
    |assign_97_s_fu_4070_p2           |     +    |      0|  0|  16|          16|          16|
    |assign_s_fu_4419_p2              |     +    |      0|  0|  16|          16|          16|
    |input_index_1_fu_1223_p2         |     +    |      0|  0|  11|          11|           1|
    |output_index_10_fu_1985_p2       |     +    |      0|  0|  15|          15|           8|
    |output_index_11_fu_2043_p2       |     +    |      0|  0|  15|          15|           8|
    |output_index_12_fu_2101_p2       |     +    |      0|  0|  15|          15|           8|
    |output_index_13_fu_2159_p2       |     +    |      0|  0|  15|          15|           8|
    |output_index_1_fu_1927_p2        |     +    |      0|  0|  15|          15|           8|
    |output_index_2_fu_1405_p2        |     +    |      0|  0|  15|          15|           8|
    |output_index_3_fu_1463_p2        |     +    |      0|  0|  15|          15|           8|
    |output_index_4_fu_1521_p2        |     +    |      0|  0|  15|          15|           8|
    |output_index_5_fu_1579_p2        |     +    |      0|  0|  15|          15|           8|
    |output_index_6_fu_1637_p2        |     +    |      0|  0|  15|          15|           8|
    |output_index_7_fu_1695_p2        |     +    |      0|  0|  15|          15|           8|
    |output_index_8_fu_1753_p2        |     +    |      0|  0|  15|          15|           8|
    |output_index_9_fu_1811_p2        |     +    |      0|  0|  15|          15|           8|
    |output_index_cp_fu_4434_p2       |     +    |      0|  0|  15|           9|          15|
    |output_index_s_fu_1869_p2        |     +    |      0|  0|  15|          15|           8|
    |p_10_fu_1970_p2                  |     +    |      0|  0|  32|          32|          32|
    |p_11_fu_2028_p2                  |     +    |      0|  0|  32|          32|          32|
    |p_12_fu_2086_p2                  |     +    |      0|  0|  32|          32|          32|
    |p_13_fu_2144_p2                  |     +    |      0|  0|  32|          32|          32|
    |p_14_fu_2202_p2                  |     +    |      0|  0|  32|          32|          32|
    |p_1_fu_1390_p2                   |     +    |      0|  0|  32|          32|          32|
    |p_2_fu_1448_p2                   |     +    |      0|  0|  32|          32|          32|
    |p_3_fu_1506_p2                   |     +    |      0|  0|  32|          32|          32|
    |p_4_fu_1564_p2                   |     +    |      0|  0|  32|          32|          32|
    |p_5_fu_1622_p2                   |     +    |      0|  0|  32|          32|          32|
    |p_6_fu_1680_p2                   |     +    |      0|  0|  32|          32|          32|
    |p_7_fu_1738_p2                   |     +    |      0|  0|  32|          32|          32|
    |p_8_fu_1796_p2                   |     +    |      0|  0|  32|          32|          32|
    |p_9_fu_1854_p2                   |     +    |      0|  0|  32|          32|          32|
    |p_fu_3463_p2                     |     +    |      0|  0|  32|          32|          32|
    |p_s_fu_1912_p2                   |     +    |      0|  0|  32|          32|          32|
    |q_10_fu_1965_p2                  |     +    |      0|  0|  32|          32|          32|
    |q_11_fu_2023_p2                  |     +    |      0|  0|  32|          32|          32|
    |q_12_fu_2081_p2                  |     +    |      0|  0|  32|          32|          32|
    |q_13_fu_2139_p2                  |     +    |      0|  0|  32|          32|          32|
    |q_14_fu_2197_p2                  |     +    |      0|  0|  32|          32|          32|
    |q_1_fu_1385_p2                   |     +    |      0|  0|  32|          32|          32|
    |q_2_fu_1443_p2                   |     +    |      0|  0|  32|          32|          32|
    |q_3_fu_1501_p2                   |     +    |      0|  0|  32|          32|          32|
    |q_4_fu_1559_p2                   |     +    |      0|  0|  32|          32|          32|
    |q_5_fu_1617_p2                   |     +    |      0|  0|  32|          32|          32|
    |q_6_fu_1675_p2                   |     +    |      0|  0|  32|          32|          32|
    |q_7_fu_1733_p2                   |     +    |      0|  0|  32|          32|          32|
    |q_8_fu_1791_p2                   |     +    |      0|  0|  32|          32|          32|
    |q_9_fu_1849_p2                   |     +    |      0|  0|  32|          32|          32|
    |q_fu_3458_p2                     |     +    |      0|  0|  32|          32|          32|
    |q_s_fu_1907_p2                   |     +    |      0|  0|  32|          32|          32|
    |sum_10_fu_4136_p2                |     +    |      0|  0|   8|          16|          16|
    |sum_11_fu_4196_p2                |     +    |      0|  0|   8|          16|          16|
    |sum_12_fu_4256_p2                |     +    |      0|  0|   8|          16|          16|
    |sum_13_fu_4316_p2                |     +    |      0|  0|   8|          16|          16|
    |sum_14_fu_4376_p2                |     +    |      0|  0|   8|          16|          16|
    |sum_1_fu_3536_p2                 |     +    |      0|  0|   8|          16|          16|
    |sum_2_fu_3596_p2                 |     +    |      0|  0|   8|          16|          16|
    |sum_3_fu_3656_p2                 |     +    |      0|  0|   8|          16|          16|
    |sum_4_fu_3716_p2                 |     +    |      0|  0|   8|          16|          16|
    |sum_5_fu_3776_p2                 |     +    |      0|  0|   8|          16|          16|
    |sum_6_fu_3836_p2                 |     +    |      0|  0|   8|          16|          16|
    |sum_7_fu_3896_p2                 |     +    |      0|  0|   8|          16|          16|
    |sum_8_fu_3956_p2                 |     +    |      0|  0|   8|          16|          16|
    |sum_9_fu_4016_p2                 |     +    |      0|  0|   8|          16|          16|
    |sum_fu_4424_p2                   |     +    |      0|  0|   8|          16|          16|
    |sum_s_fu_4076_p2                 |     +    |      0|  0|   8|          16|          16|
    |tmp_1_fu_1209_p2                 |     +    |      0|  0|  32|          32|          32|
    |tmp_2_fu_1213_p2                 |     +    |      0|  0|  32|          32|          32|
    |tmp_7_fu_1285_p2                 |     +    |      0|  0|  15|          15|           9|
    |tmp_8_fu_1299_p2                 |     +    |      0|  0|  15|          15|           9|
    |assign_110_10_fu_4142_p2         |     -    |      0|  0|   8|          16|          16|
    |assign_110_11_fu_4202_p2         |     -    |      0|  0|   8|          16|          16|
    |assign_110_12_fu_4262_p2         |     -    |      0|  0|   8|          16|          16|
    |assign_110_13_fu_4322_p2         |     -    |      0|  0|   8|          16|          16|
    |assign_110_14_fu_4382_p2         |     -    |      0|  0|   8|          16|          16|
    |assign_110_1_fu_3542_p2          |     -    |      0|  0|   8|          16|          16|
    |assign_110_2_fu_3602_p2          |     -    |      0|  0|   8|          16|          16|
    |assign_110_3_fu_3662_p2          |     -    |      0|  0|   8|          16|          16|
    |assign_110_4_fu_3722_p2          |     -    |      0|  0|   8|          16|          16|
    |assign_110_5_fu_3782_p2          |     -    |      0|  0|   8|          16|          16|
    |assign_110_6_fu_3842_p2          |     -    |      0|  0|   8|          16|          16|
    |assign_110_7_fu_3902_p2          |     -    |      0|  0|   8|          16|          16|
    |assign_110_8_fu_3962_p2          |     -    |      0|  0|   8|          16|          16|
    |assign_110_9_fu_4022_p2          |     -    |      0|  0|   8|          16|          16|
    |assign_110_s_fu_4082_p2          |     -    |      0|  0|   8|          16|          16|
    |assign_112_10_fu_4539_p2         |     -    |      0|  0|   8|          16|          16|
    |assign_112_11_fu_4548_p2         |     -    |      0|  0|   8|          16|          16|
    |assign_112_12_fu_4557_p2         |     -    |      0|  0|   8|          16|          16|
    |assign_112_13_fu_4566_p2         |     -    |      0|  0|   8|          16|          16|
    |assign_112_14_fu_4575_p2         |     -    |      0|  0|   8|          16|          16|
    |assign_112_1_fu_4449_p2          |     -    |      0|  0|   8|          16|          16|
    |assign_112_2_fu_4458_p2          |     -    |      0|  0|   8|          16|          16|
    |assign_112_3_fu_4467_p2          |     -    |      0|  0|   8|          16|          16|
    |assign_112_4_fu_4476_p2          |     -    |      0|  0|   8|          16|          16|
    |assign_112_5_fu_4485_p2          |     -    |      0|  0|   8|          16|          16|
    |assign_112_6_fu_4494_p2          |     -    |      0|  0|   8|          16|          16|
    |assign_112_7_fu_4503_p2          |     -    |      0|  0|   8|          16|          16|
    |assign_112_8_fu_4512_p2          |     -    |      0|  0|   8|          16|          16|
    |assign_112_9_fu_4521_p2          |     -    |      0|  0|   8|          16|          16|
    |assign_112_s_fu_4530_p2          |     -    |      0|  0|   8|          16|          16|
    |assign_115_10_fu_4543_p2         |     -    |      0|  0|   8|          16|          16|
    |assign_115_11_fu_4552_p2         |     -    |      0|  0|   8|          16|          16|
    |assign_115_12_fu_4561_p2         |     -    |      0|  0|   8|          16|          16|
    |assign_115_13_fu_4570_p2         |     -    |      0|  0|   8|          16|          16|
    |assign_115_14_fu_4579_p2         |     -    |      0|  0|   8|          16|          16|
    |assign_115_1_fu_4453_p2          |     -    |      0|  0|   8|          16|          16|
    |assign_115_2_fu_4462_p2          |     -    |      0|  0|   8|          16|          16|
    |assign_115_3_fu_4471_p2          |     -    |      0|  0|   8|          16|          16|
    |assign_115_4_fu_4480_p2          |     -    |      0|  0|   8|          16|          16|
    |assign_115_5_fu_4489_p2          |     -    |      0|  0|   8|          16|          16|
    |assign_115_6_fu_4498_p2          |     -    |      0|  0|   8|          16|          16|
    |assign_115_7_fu_4507_p2          |     -    |      0|  0|   8|          16|          16|
    |assign_115_8_fu_4516_p2          |     -    |      0|  0|   8|          16|          16|
    |assign_115_9_fu_4525_p2          |     -    |      0|  0|   8|          16|          16|
    |assign_115_s_fu_4534_p2          |     -    |      0|  0|   8|          16|          16|
    |assign_1_fu_4428_p2              |     -    |      0|  0|   8|          16|          16|
    |assign_2_fu_4584_p2              |     -    |      0|  0|   8|          16|          16|
    |assign_3_fu_4588_p2              |     -    |      0|  0|   8|          16|          16|
    |p_neg1_fu_1311_p2                |     -    |      0|  0|  15|           8|          15|
    |p_neg_t2_fu_1329_p2              |     -    |      0|  0|  15|           1|          15|
    |p_neg_t_fu_1353_p2               |     -    |      0|  0|  12|           1|          12|
    |tmp_fu_1187_p2                   |     -    |      0|  0|  32|          32|          32|
    |tmp_s_fu_1203_p2                 |     -    |      0|  0|  32|          32|          32|
    |or_cond7_10_fu_4118_p2           |    and   |      0|  0|   1|           1|           1|
    |or_cond7_11_fu_4178_p2           |    and   |      0|  0|   1|           1|           1|
    |or_cond7_12_fu_4238_p2           |    and   |      0|  0|   1|           1|           1|
    |or_cond7_13_fu_4298_p2           |    and   |      0|  0|   1|           1|           1|
    |or_cond7_14_fu_4358_p2           |    and   |      0|  0|   1|           1|           1|
    |or_cond7_1_fu_3518_p2            |    and   |      0|  0|   1|           1|           1|
    |or_cond7_2_fu_3578_p2            |    and   |      0|  0|   1|           1|           1|
    |or_cond7_3_fu_3638_p2            |    and   |      0|  0|   1|           1|           1|
    |or_cond7_4_fu_3698_p2            |    and   |      0|  0|   1|           1|           1|
    |or_cond7_5_fu_3758_p2            |    and   |      0|  0|   1|           1|           1|
    |or_cond7_6_fu_3818_p2            |    and   |      0|  0|   1|           1|           1|
    |or_cond7_7_fu_3878_p2            |    and   |      0|  0|   1|           1|           1|
    |or_cond7_8_fu_3938_p2            |    and   |      0|  0|   1|           1|           1|
    |or_cond7_9_fu_3998_p2            |    and   |      0|  0|   1|           1|           1|
    |or_cond7_fu_4408_p2              |    and   |      0|  0|   1|           1|           1|
    |or_cond7_s_fu_4058_p2            |    and   |      0|  0|   1|           1|           1|
    |tmp10_fu_3693_p2                 |    and   |      0|  0|   1|           1|           1|
    |tmp11_fu_3747_p2                 |    and   |      0|  0|   1|           1|           1|
    |tmp12_fu_3753_p2                 |    and   |      0|  0|   1|           1|           1|
    |tmp13_fu_3807_p2                 |    and   |      0|  0|   1|           1|           1|
    |tmp14_fu_3813_p2                 |    and   |      0|  0|   1|           1|           1|
    |tmp15_fu_3867_p2                 |    and   |      0|  0|   1|           1|           1|
    |tmp16_fu_3873_p2                 |    and   |      0|  0|   1|           1|           1|
    |tmp17_fu_3927_p2                 |    and   |      0|  0|   1|           1|           1|
    |tmp18_fu_3933_p2                 |    and   |      0|  0|   1|           1|           1|
    |tmp19_fu_3987_p2                 |    and   |      0|  0|   1|           1|           1|
    |tmp1_fu_4398_p2                  |    and   |      0|  0|   1|           1|           1|
    |tmp20_fu_3993_p2                 |    and   |      0|  0|   1|           1|           1|
    |tmp21_fu_4047_p2                 |    and   |      0|  0|   1|           1|           1|
    |tmp22_fu_4053_p2                 |    and   |      0|  0|   1|           1|           1|
    |tmp23_fu_4107_p2                 |    and   |      0|  0|   1|           1|           1|
    |tmp24_fu_4113_p2                 |    and   |      0|  0|   1|           1|           1|
    |tmp25_fu_4167_p2                 |    and   |      0|  0|   1|           1|           1|
    |tmp26_fu_4173_p2                 |    and   |      0|  0|   1|           1|           1|
    |tmp27_fu_4227_p2                 |    and   |      0|  0|   1|           1|           1|
    |tmp28_fu_4233_p2                 |    and   |      0|  0|   1|           1|           1|
    |tmp29_fu_4287_p2                 |    and   |      0|  0|   1|           1|           1|
    |tmp2_fu_4404_p2                  |    and   |      0|  0|   1|           1|           1|
    |tmp30_fu_4293_p2                 |    and   |      0|  0|   1|           1|           1|
    |tmp31_fu_4347_p2                 |    and   |      0|  0|   1|           1|           1|
    |tmp32_fu_4353_p2                 |    and   |      0|  0|   1|           1|           1|
    |tmp3_fu_3507_p2                  |    and   |      0|  0|   1|           1|           1|
    |tmp4_fu_3513_p2                  |    and   |      0|  0|   1|           1|           1|
    |tmp5_fu_3567_p2                  |    and   |      0|  0|   1|           1|           1|
    |tmp6_fu_3573_p2                  |    and   |      0|  0|   1|           1|           1|
    |tmp7_fu_3627_p2                  |    and   |      0|  0|   1|           1|           1|
    |tmp8_fu_3633_p2                  |    and   |      0|  0|   1|           1|           1|
    |tmp9_fu_3687_p2                  |    and   |      0|  0|   1|           1|           1|
    |exitcond3_fu_1217_p2             |   icmp   |      0|  0|   4|          11|          11|
    |icmp_fu_1279_p2                  |   icmp   |      0|  0|   3|           8|           1|
    |slt10_fu_1627_p2                 |   icmp   |      0|  0|  11|          32|          32|
    |slt11_fu_3733_p2                 |   icmp   |      0|  0|  11|          32|          32|
    |slt12_fu_1685_p2                 |   icmp   |      0|  0|  11|          32|          32|
    |slt13_fu_3793_p2                 |   icmp   |      0|  0|  11|          32|          32|
    |slt14_fu_1743_p2                 |   icmp   |      0|  0|  11|          32|          32|
    |slt15_fu_3853_p2                 |   icmp   |      0|  0|  11|          32|          32|
    |slt16_fu_1801_p2                 |   icmp   |      0|  0|  11|          32|          32|
    |slt17_fu_3913_p2                 |   icmp   |      0|  0|  11|          32|          32|
    |slt18_fu_1859_p2                 |   icmp   |      0|  0|  11|          32|          32|
    |slt19_fu_3973_p2                 |   icmp   |      0|  0|  11|          32|          32|
    |slt1_fu_3473_p2                  |   icmp   |      0|  0|  11|          32|          32|
    |slt20_fu_1917_p2                 |   icmp   |      0|  0|  11|          32|          32|
    |slt21_fu_4033_p2                 |   icmp   |      0|  0|  11|          32|          32|
    |slt22_fu_1975_p2                 |   icmp   |      0|  0|  11|          32|          32|
    |slt23_fu_4093_p2                 |   icmp   |      0|  0|  11|          32|          32|
    |slt24_fu_2033_p2                 |   icmp   |      0|  0|  11|          32|          32|
    |slt25_fu_4153_p2                 |   icmp   |      0|  0|  11|          32|          32|
    |slt26_fu_2091_p2                 |   icmp   |      0|  0|  11|          32|          32|
    |slt27_fu_4213_p2                 |   icmp   |      0|  0|  11|          32|          32|
    |slt28_fu_2149_p2                 |   icmp   |      0|  0|  11|          32|          32|
    |slt29_fu_4273_p2                 |   icmp   |      0|  0|  11|          32|          32|
    |slt2_fu_1395_p2                  |   icmp   |      0|  0|  11|          32|          32|
    |slt30_fu_2207_p2                 |   icmp   |      0|  0|  11|          32|          32|
    |slt31_fu_4333_p2                 |   icmp   |      0|  0|  11|          32|          32|
    |slt3_fu_3493_p2                  |   icmp   |      0|  0|  11|          32|          32|
    |slt4_fu_1453_p2                  |   icmp   |      0|  0|  11|          32|          32|
    |slt5_fu_3553_p2                  |   icmp   |      0|  0|  11|          32|          32|
    |slt6_fu_1511_p2                  |   icmp   |      0|  0|  11|          32|          32|
    |slt7_fu_3613_p2                  |   icmp   |      0|  0|  11|          32|          32|
    |slt8_fu_1569_p2                  |   icmp   |      0|  0|  11|          32|          32|
    |slt9_fu_3673_p2                  |   icmp   |      0|  0|  11|          32|          32|
    |slt_fu_3468_p2                   |   icmp   |      0|  0|  11|          32|          32|
    |tmp_12_fu_3478_p2                |   icmp   |      0|  0|  11|          32|          32|
    |tmp_13_fu_3483_p2                |   icmp   |      0|  0|  11|          32|          32|
    |tmp_56_10_fu_1980_p2             |   icmp   |      0|  0|  11|          32|          32|
    |tmp_56_11_fu_2038_p2             |   icmp   |      0|  0|  11|          32|          32|
    |tmp_56_12_fu_2096_p2             |   icmp   |      0|  0|  11|          32|          32|
    |tmp_56_13_fu_2154_p2             |   icmp   |      0|  0|  11|          32|          32|
    |tmp_56_14_fu_2212_p2             |   icmp   |      0|  0|  11|          32|          32|
    |tmp_56_1_fu_1400_p2              |   icmp   |      0|  0|  11|          32|          32|
    |tmp_56_2_fu_1458_p2              |   icmp   |      0|  0|  11|          32|          32|
    |tmp_56_3_fu_1516_p2              |   icmp   |      0|  0|  11|          32|          32|
    |tmp_56_4_fu_1574_p2              |   icmp   |      0|  0|  11|          32|          32|
    |tmp_56_5_fu_1632_p2              |   icmp   |      0|  0|  11|          32|          32|
    |tmp_56_6_fu_1690_p2              |   icmp   |      0|  0|  11|          32|          32|
    |tmp_56_7_fu_1748_p2              |   icmp   |      0|  0|  11|          32|          32|
    |tmp_56_8_fu_1806_p2              |   icmp   |      0|  0|  11|          32|          32|
    |tmp_56_9_fu_1864_p2              |   icmp   |      0|  0|  11|          32|          32|
    |tmp_56_s_fu_1922_p2              |   icmp   |      0|  0|  11|          32|          32|
    |tmp_57_10_fu_4103_p2             |   icmp   |      0|  0|  11|          32|          32|
    |tmp_57_11_fu_4163_p2             |   icmp   |      0|  0|  11|          32|          32|
    |tmp_57_12_fu_4223_p2             |   icmp   |      0|  0|  11|          32|          32|
    |tmp_57_13_fu_4283_p2             |   icmp   |      0|  0|  11|          32|          32|
    |tmp_57_14_fu_4343_p2             |   icmp   |      0|  0|  11|          32|          32|
    |tmp_57_1_fu_3503_p2              |   icmp   |      0|  0|  11|          32|          32|
    |tmp_57_2_fu_3563_p2              |   icmp   |      0|  0|  11|          32|          32|
    |tmp_57_3_fu_3623_p2              |   icmp   |      0|  0|  11|          32|          32|
    |tmp_57_4_fu_3683_p2              |   icmp   |      0|  0|  11|          32|          32|
    |tmp_57_5_fu_3743_p2              |   icmp   |      0|  0|  11|          32|          32|
    |tmp_57_6_fu_3803_p2              |   icmp   |      0|  0|  11|          32|          32|
    |tmp_57_7_fu_3863_p2              |   icmp   |      0|  0|  11|          32|          32|
    |tmp_57_8_fu_3923_p2              |   icmp   |      0|  0|  11|          32|          32|
    |tmp_57_9_fu_3983_p2              |   icmp   |      0|  0|  11|          32|          32|
    |tmp_57_s_fu_4043_p2              |   icmp   |      0|  0|  11|          32|          32|
    |tmp_6_fu_1305_p2                 |   icmp   |      0|  0|   6|          15|           1|
    |ap_enable_pp0                    |    or    |      0|  0|   1|           1|           1|
    |output_index_10_cast_fu_1991_p2  |    or    |      0|  0|   8|           6|           4|
    |output_index_11_cast_fu_2049_p2  |    or    |      0|  0|   8|           6|           4|
    |output_index_12_cast_fu_2107_p2  |    or    |      0|  0|   8|           6|           4|
    |output_index_13_cast_fu_2165_p2  |    or    |      0|  0|   8|           6|           4|
    |output_index_1_cast_fu_1933_p2   |    or    |      0|  0|   8|           6|           4|
    |output_index_2_cast_fu_1411_p2   |    or    |      0|  0|   8|           6|           1|
    |output_index_3_cast_fu_1469_p2   |    or    |      0|  0|   8|           6|           2|
    |output_index_4_cast_fu_1527_p2   |    or    |      0|  0|   8|           6|           2|
    |output_index_5_cast_fu_1585_p2   |    or    |      0|  0|   8|           6|           3|
    |output_index_6_cast_fu_1643_p2   |    or    |      0|  0|   8|           6|           3|
    |output_index_7_cast_fu_1701_p2   |    or    |      0|  0|   8|           6|           3|
    |output_index_8_cast_fu_1759_p2   |    or    |      0|  0|   8|           6|           3|
    |output_index_9_cast_fu_1817_p2   |    or    |      0|  0|   8|           6|           4|
    |output_index_cast_fu_1875_p2     |    or    |      0|  0|   8|           6|           4|
    |i_fu_3419_p3                     |  select  |      0|  0|  15|           1|          15|
    |stencil_buf_0_9_2_fu_3314_p3     |  select  |      0|  0|  16|           1|          16|
    |stencil_buf_10_8_2_fu_3272_p3    |  select  |      0|  0|  16|           1|          16|
    |stencil_buf_11_8_2_fu_3279_p3    |  select  |      0|  0|  16|           1|          16|
    |stencil_buf_12_8_2_fu_3286_p3    |  select  |      0|  0|  16|           1|          16|
    |stencil_buf_13_8_2_fu_3293_p3    |  select  |      0|  0|  16|           1|          16|
    |stencil_buf_14_8_2_fu_3300_p3    |  select  |      0|  0|  16|           1|          16|
    |stencil_buf_15_8_2_fu_3307_p3    |  select  |      0|  0|  16|           1|          16|
    |stencil_buf_1_8_2_fu_3209_p3     |  select  |      0|  0|  16|           1|          16|
    |stencil_buf_2_8_2_fu_3216_p3     |  select  |      0|  0|  16|           1|          16|
    |stencil_buf_3_8_2_fu_3223_p3     |  select  |      0|  0|  16|           1|          16|
    |stencil_buf_4_8_2_fu_3230_p3     |  select  |      0|  0|  16|           1|          16|
    |stencil_buf_5_8_2_fu_3237_p3     |  select  |      0|  0|  16|           1|          16|
    |stencil_buf_6_8_2_fu_3244_p3     |  select  |      0|  0|  16|           1|          16|
    |stencil_buf_7_8_2_fu_3251_p3     |  select  |      0|  0|  16|           1|          16|
    |stencil_buf_8_8_2_fu_3258_p3     |  select  |      0|  0|  16|           1|          16|
    |stencil_buf_9_8_2_fu_3265_p3     |  select  |      0|  0|  16|           1|          16|
    |tmp_11_fu_3447_p3                |  select  |      0|  0|  12|           1|          12|
    |rev10_fu_3728_p2                 |    xor   |      0|  0|   2|           1|           2|
    |rev11_fu_3737_p2                 |    xor   |      0|  0|   2|           1|           2|
    |rev12_fu_3788_p2                 |    xor   |      0|  0|   2|           1|           2|
    |rev13_fu_3797_p2                 |    xor   |      0|  0|   2|           1|           2|
    |rev14_fu_3848_p2                 |    xor   |      0|  0|   2|           1|           2|
    |rev15_fu_3857_p2                 |    xor   |      0|  0|   2|           1|           2|
    |rev16_fu_3908_p2                 |    xor   |      0|  0|   2|           1|           2|
    |rev17_fu_3917_p2                 |    xor   |      0|  0|   2|           1|           2|
    |rev18_fu_3968_p2                 |    xor   |      0|  0|   2|           1|           2|
    |rev19_fu_3977_p2                 |    xor   |      0|  0|   2|           1|           2|
    |rev1_fu_4393_p2                  |    xor   |      0|  0|   2|           1|           2|
    |rev20_fu_4028_p2                 |    xor   |      0|  0|   2|           1|           2|
    |rev21_fu_4037_p2                 |    xor   |      0|  0|   2|           1|           2|
    |rev22_fu_4088_p2                 |    xor   |      0|  0|   2|           1|           2|
    |rev23_fu_4097_p2                 |    xor   |      0|  0|   2|           1|           2|
    |rev24_fu_4148_p2                 |    xor   |      0|  0|   2|           1|           2|
    |rev25_fu_4157_p2                 |    xor   |      0|  0|   2|           1|           2|
    |rev26_fu_4208_p2                 |    xor   |      0|  0|   2|           1|           2|
    |rev27_fu_4217_p2                 |    xor   |      0|  0|   2|           1|           2|
    |rev28_fu_4268_p2                 |    xor   |      0|  0|   2|           1|           2|
    |rev29_fu_4277_p2                 |    xor   |      0|  0|   2|           1|           2|
    |rev2_fu_3488_p2                  |    xor   |      0|  0|   2|           1|           2|
    |rev30_fu_4328_p2                 |    xor   |      0|  0|   2|           1|           2|
    |rev31_fu_4337_p2                 |    xor   |      0|  0|   2|           1|           2|
    |rev3_fu_3497_p2                  |    xor   |      0|  0|   2|           1|           2|
    |rev4_fu_3548_p2                  |    xor   |      0|  0|   2|           1|           2|
    |rev5_fu_3557_p2                  |    xor   |      0|  0|   2|           1|           2|
    |rev6_fu_3608_p2                  |    xor   |      0|  0|   2|           1|           2|
    |rev7_fu_3617_p2                  |    xor   |      0|  0|   2|           1|           2|
    |rev8_fu_3668_p2                  |    xor   |      0|  0|   2|           1|           2|
    |rev9_fu_3677_p2                  |    xor   |      0|  0|   2|           1|           2|
    |rev_fu_4388_p2                   |    xor   |      0|  0|   2|           1|           2|
    +---------------------------------+----------+-------+---+----+------------+------------+
    |Total                            |          |      0|  0|3453|        4967|        5122|
    +---------------------------------+----------+-------+---+----+------------+------------+

    * Multiplexer: 
    +-------------------------+----+-----------+-----+-----------+
    |           Name          | LUT| Input Size| Bits| Total Bits|
    +-------------------------+----+-----------+-----+-----------+
    |ap_NS_fsm                |  72|         40|    1|         40|
    |ap_enable_reg_pp0_iter1  |   1|          2|    1|          2|
    |ap_enable_reg_pp0_iter2  |   1|          2|    1|          2|
    |ap_enable_reg_pp0_iter4  |   1|          2|    1|          2|
    |input_index_reg_1154     |  11|          2|   11|         22|
    +-------------------------+----+-----------+-----+-----------+
    |Total                    |  86|         48|   15|         68|
    +-------------------------+----+-----------+-----+-----------+

    * Register: 
    +---------------------------------------------------------+----+----+-----+-----------+
    |                           Name                          | FF | LUT| Bits| Const Bits|
    +---------------------------------------------------------+----+----+-----+-----------+
    |ap_CS_fsm                                                |  39|   0|   39|          0|
    |ap_enable_reg_pp0_iter0                                  |   1|   0|    1|          0|
    |ap_enable_reg_pp0_iter1                                  |   1|   0|    1|          0|
    |ap_enable_reg_pp0_iter2                                  |   1|   0|    1|          0|
    |ap_enable_reg_pp0_iter3                                  |   1|   0|    1|          0|
    |ap_enable_reg_pp0_iter4                                  |   1|   0|    1|          0|
    |ap_pipeline_reg_pp0_iter1_tmp_4_reg_5764                 |  11|   0|   15|          4|
    |ap_pipeline_reg_pp0_iter2_or_cond7_10_reg_6499           |   1|   0|    1|          0|
    |ap_pipeline_reg_pp0_iter2_or_cond7_11_reg_6508           |   1|   0|    1|          0|
    |ap_pipeline_reg_pp0_iter2_or_cond7_12_reg_6517           |   1|   0|    1|          0|
    |ap_pipeline_reg_pp0_iter2_or_cond7_13_reg_6526           |   1|   0|    1|          0|
    |ap_pipeline_reg_pp0_iter2_or_cond7_14_reg_6535           |   1|   0|    1|          0|
    |ap_pipeline_reg_pp0_iter2_or_cond7_1_reg_6409            |   1|   0|    1|          0|
    |ap_pipeline_reg_pp0_iter2_or_cond7_2_reg_6418            |   1|   0|    1|          0|
    |ap_pipeline_reg_pp0_iter2_or_cond7_3_reg_6427            |   1|   0|    1|          0|
    |ap_pipeline_reg_pp0_iter2_or_cond7_4_reg_6436            |   1|   0|    1|          0|
    |ap_pipeline_reg_pp0_iter2_or_cond7_5_reg_6445            |   1|   0|    1|          0|
    |ap_pipeline_reg_pp0_iter2_or_cond7_6_reg_6454            |   1|   0|    1|          0|
    |ap_pipeline_reg_pp0_iter2_or_cond7_7_reg_6463            |   1|   0|    1|          0|
    |ap_pipeline_reg_pp0_iter2_or_cond7_8_reg_6472            |   1|   0|    1|          0|
    |ap_pipeline_reg_pp0_iter2_or_cond7_9_reg_6481            |   1|   0|    1|          0|
    |ap_pipeline_reg_pp0_iter2_or_cond7_s_reg_6490            |   1|   0|    1|          0|
    |ap_pipeline_reg_pp0_iter2_stencil_buf_1_8_2_reg_6309     |  16|   0|   16|          0|
    |ap_pipeline_reg_pp0_iter2_stencil_buf_2_3_load_reg_6239  |  16|   0|   16|          0|
    |ap_pipeline_reg_pp0_iter3_or_cond7_reg_6544              |   1|   0|    1|          0|
    |ap_pipeline_reg_pp0_iter3_tmp_25_reg_6553                |  11|   0|   11|          0|
    |assign_110_10_reg_6503                                   |  16|   0|   16|          0|
    |assign_110_11_reg_6512                                   |  16|   0|   16|          0|
    |assign_110_12_reg_6521                                   |  16|   0|   16|          0|
    |assign_110_13_reg_6530                                   |  16|   0|   16|          0|
    |assign_110_14_reg_6539                                   |  16|   0|   16|          0|
    |assign_110_1_reg_6413                                    |  16|   0|   16|          0|
    |assign_110_2_reg_6422                                    |  16|   0|   16|          0|
    |assign_110_3_reg_6431                                    |  16|   0|   16|          0|
    |assign_110_4_reg_6440                                    |  16|   0|   16|          0|
    |assign_110_5_reg_6449                                    |  16|   0|   16|          0|
    |assign_110_6_reg_6458                                    |  16|   0|   16|          0|
    |assign_110_7_reg_6467                                    |  16|   0|   16|          0|
    |assign_110_8_reg_6476                                    |  16|   0|   16|          0|
    |assign_110_9_reg_6485                                    |  16|   0|   16|          0|
    |assign_110_s_reg_6494                                    |  16|   0|   16|          0|
    |assign_115_10_reg_6608                                   |  16|   0|   16|          0|
    |assign_115_11_reg_6613                                   |  16|   0|   16|          0|
    |assign_115_12_reg_6618                                   |  16|   0|   16|          0|
    |assign_115_13_reg_6623                                   |  16|   0|   16|          0|
    |assign_115_14_reg_6628                                   |  16|   0|   16|          0|
    |assign_115_1_reg_6558                                    |  16|   0|   16|          0|
    |assign_115_2_reg_6563                                    |  16|   0|   16|          0|
    |assign_115_3_reg_6568                                    |  16|   0|   16|          0|
    |assign_115_4_reg_6573                                    |  16|   0|   16|          0|
    |assign_115_5_reg_6578                                    |  16|   0|   16|          0|
    |assign_115_6_reg_6583                                    |  16|   0|   16|          0|
    |assign_115_7_reg_6588                                    |  16|   0|   16|          0|
    |assign_115_8_reg_6593                                    |  16|   0|   16|          0|
    |assign_115_9_reg_6598                                    |  16|   0|   16|          0|
    |assign_115_s_reg_6603                                    |  16|   0|   16|          0|
    |assign_1_reg_6548                                        |  16|   0|   16|          0|
    |assign_3_reg_6633                                        |  16|   0|   16|          0|
    |exitcond3_reg_5755                                       |   1|   0|    1|          0|
    |icmp_reg_5869                                            |   1|   0|    1|          0|
    |input_index_reg_1154                                     |  11|   0|   11|          0|
    |or_cond7_10_reg_6499                                     |   1|   0|    1|          0|
    |or_cond7_11_reg_6508                                     |   1|   0|    1|          0|
    |or_cond7_12_reg_6517                                     |   1|   0|    1|          0|
    |or_cond7_13_reg_6526                                     |   1|   0|    1|          0|
    |or_cond7_14_reg_6535                                     |   1|   0|    1|          0|
    |or_cond7_1_reg_6409                                      |   1|   0|    1|          0|
    |or_cond7_2_reg_6418                                      |   1|   0|    1|          0|
    |or_cond7_3_reg_6427                                      |   1|   0|    1|          0|
    |or_cond7_4_reg_6436                                      |   1|   0|    1|          0|
    |or_cond7_5_reg_6445                                      |   1|   0|    1|          0|
    |or_cond7_6_reg_6454                                      |   1|   0|    1|          0|
    |or_cond7_7_reg_6463                                      |   1|   0|    1|          0|
    |or_cond7_8_reg_6472                                      |   1|   0|    1|          0|
    |or_cond7_9_reg_6481                                      |   1|   0|    1|          0|
    |or_cond7_reg_6544                                        |   1|   0|    1|          0|
    |or_cond7_s_reg_6490                                      |   1|   0|    1|          0|
    |p_neg_t2_reg_5903                                        |  11|   0|   15|          4|
    |p_neg_t_reg_5908                                         |  12|   0|   12|          0|
    |q_10_reg_6117                                            |  32|   0|   32|          0|
    |q_11_reg_6137                                            |  32|   0|   32|          0|
    |q_12_reg_6157                                            |  32|   0|   32|          0|
    |q_13_reg_6177                                            |  32|   0|   32|          0|
    |q_14_reg_6197                                            |  32|   0|   32|          0|
    |q_1_reg_5917                                             |  32|   0|   32|          0|
    |q_2_reg_5937                                             |  32|   0|   32|          0|
    |q_3_reg_5957                                             |  32|   0|   32|          0|
    |q_4_reg_5977                                             |  32|   0|   32|          0|
    |q_5_reg_5997                                             |  32|   0|   32|          0|
    |q_6_reg_6017                                             |  32|   0|   32|          0|
    |q_7_reg_6037                                             |  32|   0|   32|          0|
    |q_8_reg_6057                                             |  32|   0|   32|          0|
    |q_9_reg_6077                                             |  32|   0|   32|          0|
    |q_s_reg_6097                                             |  32|   0|   32|          0|
    |slt10_reg_6003                                           |   1|   0|    1|          0|
    |slt12_reg_6023                                           |   1|   0|    1|          0|
    |slt14_reg_6043                                           |   1|   0|    1|          0|
    |slt16_reg_6063                                           |   1|   0|    1|          0|
    |slt18_reg_6083                                           |   1|   0|    1|          0|
    |slt1_reg_6394                                            |   1|   0|    1|          0|
    |slt20_reg_6103                                           |   1|   0|    1|          0|
    |slt22_reg_6123                                           |   1|   0|    1|          0|
    |slt24_reg_6143                                           |   1|   0|    1|          0|
    |slt26_reg_6163                                           |   1|   0|    1|          0|
    |slt28_reg_6183                                           |   1|   0|    1|          0|
    |slt2_reg_5923                                            |   1|   0|    1|          0|
    |slt30_reg_6203                                           |   1|   0|    1|          0|
    |slt4_reg_5943                                            |   1|   0|    1|          0|
    |slt6_reg_5963                                            |   1|   0|    1|          0|
    |slt8_reg_5983                                            |   1|   0|    1|          0|
    |slt_reg_6389                                             |   1|   0|    1|          0|
    |stencil_buf_0_1_fu_220                                   |  16|   0|   16|          0|
    |stencil_buf_0_1_s_fu_216                                 |  16|   0|   16|          0|
    |stencil_buf_0_2_fu_224                                   |  16|   0|   16|          0|
    |stencil_buf_0_3_fu_228                                   |  16|   0|   16|          0|
    |stencil_buf_0_3_load_reg_6213                            |  16|   0|   16|          0|
    |stencil_buf_0_4_fu_232                                   |  16|   0|   16|          0|
    |stencil_buf_0_4_load_reg_6218                            |  16|   0|   16|          0|
    |stencil_buf_0_5_fu_236                                   |  16|   0|   16|          0|
    |stencil_buf_0_6_fu_240                                   |  16|   0|   16|          0|
    |stencil_buf_0_7_fu_244                                   |  16|   0|   16|          0|
    |stencil_buf_0_9_2_reg_6384                               |  16|   0|   16|          0|
    |stencil_buf_10_0_fu_540                                  |  16|   0|   16|          0|
    |stencil_buf_10_0_s_fu_536                                |  16|   0|   16|          0|
    |stencil_buf_10_1_fu_544                                  |  16|   0|   16|          0|
    |stencil_buf_10_2_fu_548                                  |  16|   0|   16|          0|
    |stencil_buf_10_3_fu_552                                  |  16|   0|   16|          0|
    |stencil_buf_10_3_load_reg_6279                           |  16|   0|   16|          0|
    |stencil_buf_10_4_fu_556                                  |  16|   0|   16|          0|
    |stencil_buf_10_5_fu_560                                  |  16|   0|   16|          0|
    |stencil_buf_10_6_fu_564                                  |  16|   0|   16|          0|
    |stencil_buf_10_8_2_reg_6354                              |  16|   0|   16|          0|
    |stencil_buf_11_0_fu_572                                  |  16|   0|   16|          0|
    |stencil_buf_11_0_s_fu_568                                |  16|   0|   16|          0|
    |stencil_buf_11_1_fu_576                                  |  16|   0|   16|          0|
    |stencil_buf_11_2_fu_580                                  |  16|   0|   16|          0|
    |stencil_buf_11_3_fu_584                                  |  16|   0|   16|          0|
    |stencil_buf_11_3_load_reg_6284                           |  16|   0|   16|          0|
    |stencil_buf_11_4_fu_588                                  |  16|   0|   16|          0|
    |stencil_buf_11_5_fu_592                                  |  16|   0|   16|          0|
    |stencil_buf_11_6_fu_596                                  |  16|   0|   16|          0|
    |stencil_buf_11_8_2_reg_6359                              |  16|   0|   16|          0|
    |stencil_buf_12_0_fu_604                                  |  16|   0|   16|          0|
    |stencil_buf_12_0_s_fu_600                                |  16|   0|   16|          0|
    |stencil_buf_12_1_fu_608                                  |  16|   0|   16|          0|
    |stencil_buf_12_2_fu_612                                  |  16|   0|   16|          0|
    |stencil_buf_12_3_fu_616                                  |  16|   0|   16|          0|
    |stencil_buf_12_3_load_reg_6289                           |  16|   0|   16|          0|
    |stencil_buf_12_4_fu_620                                  |  16|   0|   16|          0|
    |stencil_buf_12_5_fu_624                                  |  16|   0|   16|          0|
    |stencil_buf_12_6_fu_628                                  |  16|   0|   16|          0|
    |stencil_buf_12_8_2_reg_6364                              |  16|   0|   16|          0|
    |stencil_buf_13_0_fu_636                                  |  16|   0|   16|          0|
    |stencil_buf_13_0_s_fu_632                                |  16|   0|   16|          0|
    |stencil_buf_13_1_fu_640                                  |  16|   0|   16|          0|
    |stencil_buf_13_2_fu_644                                  |  16|   0|   16|          0|
    |stencil_buf_13_3_fu_648                                  |  16|   0|   16|          0|
    |stencil_buf_13_3_load_reg_6294                           |  16|   0|   16|          0|
    |stencil_buf_13_4_fu_652                                  |  16|   0|   16|          0|
    |stencil_buf_13_5_fu_656                                  |  16|   0|   16|          0|
    |stencil_buf_13_6_fu_660                                  |  16|   0|   16|          0|
    |stencil_buf_13_8_2_reg_6369                              |  16|   0|   16|          0|
    |stencil_buf_14_0_fu_668                                  |  16|   0|   16|          0|
    |stencil_buf_14_0_s_fu_664                                |  16|   0|   16|          0|
    |stencil_buf_14_1_fu_672                                  |  16|   0|   16|          0|
    |stencil_buf_14_2_fu_676                                  |  16|   0|   16|          0|
    |stencil_buf_14_3_fu_680                                  |  16|   0|   16|          0|
    |stencil_buf_14_3_load_reg_6299                           |  16|   0|   16|          0|
    |stencil_buf_14_4_fu_684                                  |  16|   0|   16|          0|
    |stencil_buf_14_5_fu_688                                  |  16|   0|   16|          0|
    |stencil_buf_14_6_fu_692                                  |  16|   0|   16|          0|
    |stencil_buf_14_8_2_reg_6374                              |  16|   0|   16|          0|
    |stencil_buf_15_0_fu_700                                  |  16|   0|   16|          0|
    |stencil_buf_15_0_s_fu_696                                |  16|   0|   16|          0|
    |stencil_buf_15_1_fu_704                                  |  16|   0|   16|          0|
    |stencil_buf_15_2_fu_708                                  |  16|   0|   16|          0|
    |stencil_buf_15_3_fu_712                                  |  16|   0|   16|          0|
    |stencil_buf_15_3_load_reg_6304                           |  16|   0|   16|          0|
    |stencil_buf_15_4_fu_716                                  |  16|   0|   16|          0|
    |stencil_buf_15_5_fu_720                                  |  16|   0|   16|          0|
    |stencil_buf_15_6_fu_724                                  |  16|   0|   16|          0|
    |stencil_buf_15_8_2_reg_6379                              |  16|   0|   16|          0|
    |stencil_buf_1_0_fu_252                                   |  16|   0|   16|          0|
    |stencil_buf_1_0_load_reg_6223                            |  16|   0|   16|          0|
    |stencil_buf_1_0_s_fu_248                                 |  16|   0|   16|          0|
    |stencil_buf_1_1_fu_256                                   |  16|   0|   16|          0|
    |stencil_buf_1_2_fu_260                                   |  16|   0|   16|          0|
    |stencil_buf_1_3_fu_264                                   |  16|   0|   16|          0|
    |stencil_buf_1_3_load_reg_6228                            |  16|   0|   16|          0|
    |stencil_buf_1_4_fu_268                                   |  16|   0|   16|          0|
    |stencil_buf_1_4_load_reg_6234                            |  16|   0|   16|          0|
    |stencil_buf_1_5_fu_272                                   |  16|   0|   16|          0|
    |stencil_buf_1_6_fu_276                                   |  16|   0|   16|          0|
    |stencil_buf_1_8_2_reg_6309                               |  16|   0|   16|          0|
    |stencil_buf_2_0_fu_284                                   |  16|   0|   16|          0|
    |stencil_buf_2_0_s_fu_280                                 |  16|   0|   16|          0|
    |stencil_buf_2_1_fu_288                                   |  16|   0|   16|          0|
    |stencil_buf_2_2_fu_292                                   |  16|   0|   16|          0|
    |stencil_buf_2_3_fu_296                                   |  16|   0|   16|          0|
    |stencil_buf_2_3_load_reg_6239                            |  16|   0|   16|          0|
    |stencil_buf_2_4_fu_300                                   |  16|   0|   16|          0|
    |stencil_buf_2_5_fu_304                                   |  16|   0|   16|          0|
    |stencil_buf_2_6_fu_308                                   |  16|   0|   16|          0|
    |stencil_buf_2_8_2_reg_6314                               |  16|   0|   16|          0|
    |stencil_buf_3_0_fu_316                                   |  16|   0|   16|          0|
    |stencil_buf_3_0_s_fu_312                                 |  16|   0|   16|          0|
    |stencil_buf_3_1_fu_320                                   |  16|   0|   16|          0|
    |stencil_buf_3_2_fu_324                                   |  16|   0|   16|          0|
    |stencil_buf_3_3_fu_328                                   |  16|   0|   16|          0|
    |stencil_buf_3_3_load_reg_6244                            |  16|   0|   16|          0|
    |stencil_buf_3_4_fu_332                                   |  16|   0|   16|          0|
    |stencil_buf_3_5_fu_336                                   |  16|   0|   16|          0|
    |stencil_buf_3_6_fu_340                                   |  16|   0|   16|          0|
    |stencil_buf_3_8_2_reg_6319                               |  16|   0|   16|          0|
    |stencil_buf_4_0_fu_348                                   |  16|   0|   16|          0|
    |stencil_buf_4_0_s_fu_344                                 |  16|   0|   16|          0|
    |stencil_buf_4_1_fu_352                                   |  16|   0|   16|          0|
    |stencil_buf_4_2_fu_356                                   |  16|   0|   16|          0|
    |stencil_buf_4_3_fu_360                                   |  16|   0|   16|          0|
    |stencil_buf_4_3_load_reg_6249                            |  16|   0|   16|          0|
    |stencil_buf_4_4_fu_364                                   |  16|   0|   16|          0|
    |stencil_buf_4_5_fu_368                                   |  16|   0|   16|          0|
    |stencil_buf_4_6_fu_372                                   |  16|   0|   16|          0|
    |stencil_buf_4_8_2_reg_6324                               |  16|   0|   16|          0|
    |stencil_buf_5_0_fu_380                                   |  16|   0|   16|          0|
    |stencil_buf_5_0_s_fu_376                                 |  16|   0|   16|          0|
    |stencil_buf_5_1_fu_384                                   |  16|   0|   16|          0|
    |stencil_buf_5_2_fu_388                                   |  16|   0|   16|          0|
    |stencil_buf_5_3_fu_392                                   |  16|   0|   16|          0|
    |stencil_buf_5_3_load_reg_6254                            |  16|   0|   16|          0|
    |stencil_buf_5_4_fu_396                                   |  16|   0|   16|          0|
    |stencil_buf_5_5_fu_400                                   |  16|   0|   16|          0|
    |stencil_buf_5_6_fu_404                                   |  16|   0|   16|          0|
    |stencil_buf_5_8_2_reg_6329                               |  16|   0|   16|          0|
    |stencil_buf_6_0_fu_412                                   |  16|   0|   16|          0|
    |stencil_buf_6_0_s_fu_408                                 |  16|   0|   16|          0|
    |stencil_buf_6_1_fu_416                                   |  16|   0|   16|          0|
    |stencil_buf_6_2_fu_420                                   |  16|   0|   16|          0|
    |stencil_buf_6_3_fu_424                                   |  16|   0|   16|          0|
    |stencil_buf_6_3_load_reg_6259                            |  16|   0|   16|          0|
    |stencil_buf_6_4_fu_428                                   |  16|   0|   16|          0|
    |stencil_buf_6_5_fu_432                                   |  16|   0|   16|          0|
    |stencil_buf_6_6_fu_436                                   |  16|   0|   16|          0|
    |stencil_buf_6_8_2_reg_6334                               |  16|   0|   16|          0|
    |stencil_buf_7_0_fu_444                                   |  16|   0|   16|          0|
    |stencil_buf_7_0_s_fu_440                                 |  16|   0|   16|          0|
    |stencil_buf_7_1_fu_448                                   |  16|   0|   16|          0|
    |stencil_buf_7_2_fu_452                                   |  16|   0|   16|          0|
    |stencil_buf_7_3_fu_456                                   |  16|   0|   16|          0|
    |stencil_buf_7_3_load_reg_6264                            |  16|   0|   16|          0|
    |stencil_buf_7_4_fu_460                                   |  16|   0|   16|          0|
    |stencil_buf_7_5_fu_464                                   |  16|   0|   16|          0|
    |stencil_buf_7_6_fu_468                                   |  16|   0|   16|          0|
    |stencil_buf_7_8_2_reg_6339                               |  16|   0|   16|          0|
    |stencil_buf_8_0_fu_476                                   |  16|   0|   16|          0|
    |stencil_buf_8_0_s_fu_472                                 |  16|   0|   16|          0|
    |stencil_buf_8_1_fu_480                                   |  16|   0|   16|          0|
    |stencil_buf_8_2_fu_484                                   |  16|   0|   16|          0|
    |stencil_buf_8_3_fu_488                                   |  16|   0|   16|          0|
    |stencil_buf_8_3_load_reg_6269                            |  16|   0|   16|          0|
    |stencil_buf_8_4_fu_492                                   |  16|   0|   16|          0|
    |stencil_buf_8_5_fu_496                                   |  16|   0|   16|          0|
    |stencil_buf_8_6_fu_500                                   |  16|   0|   16|          0|
    |stencil_buf_8_8_2_reg_6344                               |  16|   0|   16|          0|
    |stencil_buf_9_0_fu_508                                   |  16|   0|   16|          0|
    |stencil_buf_9_0_s_fu_504                                 |  16|   0|   16|          0|
    |stencil_buf_9_1_fu_512                                   |  16|   0|   16|          0|
    |stencil_buf_9_2_fu_516                                   |  16|   0|   16|          0|
    |stencil_buf_9_3_fu_520                                   |  16|   0|   16|          0|
    |stencil_buf_9_3_load_reg_6274                            |  16|   0|   16|          0|
    |stencil_buf_9_4_fu_524                                   |  16|   0|   16|          0|
    |stencil_buf_9_5_fu_528                                   |  16|   0|   16|          0|
    |stencil_buf_9_6_fu_532                                   |  16|   0|   16|          0|
    |stencil_buf_9_8_2_reg_6349                               |  16|   0|   16|          0|
    |tile_index_dim0_reg_5663                                 |  32|   0|   32|          0|
    |tile_index_dim1_reg_5669                                 |  32|   0|   32|          0|
    |tmp_12_reg_6399                                          |   1|   0|    1|          0|
    |tmp_13_reg_6404                                          |   1|   0|    1|          0|
    |tmp_1_reg_5715                                           |  32|   0|   32|          0|
    |tmp_20_reg_5769                                          |   1|   0|    1|          0|
    |tmp_25_reg_6553                                          |  11|   0|   11|          0|
    |tmp_2_reg_5735                                           |  32|   0|   32|          0|
    |tmp_32_reg_5913                                          |   1|   0|    1|          0|
    |tmp_34_reg_5933                                          |   1|   0|    1|          0|
    |tmp_36_reg_5953                                          |   1|   0|    1|          0|
    |tmp_38_reg_5973                                          |   1|   0|    1|          0|
    |tmp_40_reg_5993                                          |   1|   0|    1|          0|
    |tmp_42_reg_6013                                          |   1|   0|    1|          0|
    |tmp_44_reg_6033                                          |   1|   0|    1|          0|
    |tmp_46_reg_6053                                          |   1|   0|    1|          0|
    |tmp_48_reg_6073                                          |   1|   0|    1|          0|
    |tmp_4_reg_5764                                           |  11|   0|   15|          4|
    |tmp_50_reg_6093                                          |   1|   0|    1|          0|
    |tmp_52_reg_6113                                          |   1|   0|    1|          0|
    |tmp_54_reg_6133                                          |   1|   0|    1|          0|
    |tmp_56_10_reg_6128                                       |   1|   0|    1|          0|
    |tmp_56_11_reg_6148                                       |   1|   0|    1|          0|
    |tmp_56_12_reg_6168                                       |   1|   0|    1|          0|
    |tmp_56_13_reg_6188                                       |   1|   0|    1|          0|
    |tmp_56_14_reg_6208                                       |   1|   0|    1|          0|
    |tmp_56_1_reg_5928                                        |   1|   0|    1|          0|
    |tmp_56_2_reg_5948                                        |   1|   0|    1|          0|
    |tmp_56_3_reg_5968                                        |   1|   0|    1|          0|
    |tmp_56_4_reg_5988                                        |   1|   0|    1|          0|
    |tmp_56_5_reg_6008                                        |   1|   0|    1|          0|
    |tmp_56_6_reg_6028                                        |   1|   0|    1|          0|
    |tmp_56_7_reg_6048                                        |   1|   0|    1|          0|
    |tmp_56_8_reg_6068                                        |   1|   0|    1|          0|
    |tmp_56_9_reg_6088                                        |   1|   0|    1|          0|
    |tmp_56_reg_6153                                          |   1|   0|    1|          0|
    |tmp_56_s_reg_6108                                        |   1|   0|    1|          0|
    |tmp_58_reg_6173                                          |   1|   0|    1|          0|
    |tmp_60_reg_6193                                          |   1|   0|    1|          0|
    |tmp_6_reg_5899                                           |   1|   0|    1|          0|
    |tmp_7_reg_5873                                           |  11|   0|   15|          4|
    |tmp_8_reg_5880                                           |  11|   0|   15|          4|
    |tmp_reg_5675                                             |  31|   0|   32|          1|
    |tmp_s_reg_5695                                           |  31|   0|   32|          1|
    |icmp_reg_5869                                            |   0|   1|    1|          0|
    |tmp_32_reg_5913                                          |   0|   1|    1|          0|
    |tmp_34_reg_5933                                          |   0|   1|    1|          0|
    |tmp_36_reg_5953                                          |   0|   1|    1|          0|
    |tmp_38_reg_5973                                          |   0|   1|    1|          0|
    |tmp_40_reg_5993                                          |   0|   1|    1|          0|
    |tmp_42_reg_6013                                          |   0|   1|    1|          0|
    |tmp_44_reg_6033                                          |   0|   1|    1|          0|
    |tmp_46_reg_6053                                          |   0|   1|    1|          0|
    |tmp_48_reg_6073                                          |   0|   1|    1|          0|
    |tmp_50_reg_6093                                          |   0|   1|    1|          0|
    |tmp_52_reg_6113                                          |   0|   1|    1|          0|
    |tmp_54_reg_6133                                          |   0|   1|    1|          0|
    |tmp_56_reg_6153                                          |   0|   1|    1|          0|
    |tmp_58_reg_6173                                          |   0|   1|    1|          0|
    |tmp_60_reg_6193                                          |   0|   1|    1|          0|
    |tmp_6_reg_5899                                           |   0|   1|    1|          0|
    |tmp_8_reg_5880                                           |   0|  11|   15|          4|
    +---------------------------------------------------------+----+----+-----+-----------+
    |Total                                                    |4051|  28| 4105|         26|
    +---------------------------------------------------------+----+----+-----+-----------+



================================================================
== Interface
================================================================
* Summary: 
+------------------------+-----+-----+------------+------------------------+--------------+
|        RTL Ports       | Dir | Bits|  Protocol  |      Source Object     |    C Type    |
+------------------------+-----+-----+------------+------------------------+--------------+
|ap_clk                  |  in |    1| ap_ctrl_hs |         compute        | return value |
|ap_rst                  |  in |    1| ap_ctrl_hs |         compute        | return value |
|ap_start                |  in |    1| ap_ctrl_hs |         compute        | return value |
|ap_done                 | out |    1| ap_ctrl_hs |         compute        | return value |
|ap_idle                 | out |    1| ap_ctrl_hs |         compute        | return value |
|ap_ready                | out |    1| ap_ctrl_hs |         compute        | return value |
|compute_flag            |  in |    1|   ap_none  |      compute_flag      |    scalar    |
|output_0_address0       | out |   10|  ap_memory |        output_0        |     array    |
|output_0_ce0            | out |    1|  ap_memory |        output_0        |     array    |
|output_0_we0            | out |    1|  ap_memory |        output_0        |     array    |
|output_0_d0             | out |   16|  ap_memory |        output_0        |     array    |
|output_1_address0       | out |   10|  ap_memory |        output_1        |     array    |
|output_1_ce0            | out |    1|  ap_memory |        output_1        |     array    |
|output_1_we0            | out |    1|  ap_memory |        output_1        |     array    |
|output_1_d0             | out |   16|  ap_memory |        output_1        |     array    |
|output_2_address0       | out |   10|  ap_memory |        output_2        |     array    |
|output_2_ce0            | out |    1|  ap_memory |        output_2        |     array    |
|output_2_we0            | out |    1|  ap_memory |        output_2        |     array    |
|output_2_d0             | out |   16|  ap_memory |        output_2        |     array    |
|output_3_address0       | out |   10|  ap_memory |        output_3        |     array    |
|output_3_ce0            | out |    1|  ap_memory |        output_3        |     array    |
|output_3_we0            | out |    1|  ap_memory |        output_3        |     array    |
|output_3_d0             | out |   16|  ap_memory |        output_3        |     array    |
|output_4_address0       | out |   10|  ap_memory |        output_4        |     array    |
|output_4_ce0            | out |    1|  ap_memory |        output_4        |     array    |
|output_4_we0            | out |    1|  ap_memory |        output_4        |     array    |
|output_4_d0             | out |   16|  ap_memory |        output_4        |     array    |
|output_5_address0       | out |   10|  ap_memory |        output_5        |     array    |
|output_5_ce0            | out |    1|  ap_memory |        output_5        |     array    |
|output_5_we0            | out |    1|  ap_memory |        output_5        |     array    |
|output_5_d0             | out |   16|  ap_memory |        output_5        |     array    |
|output_6_address0       | out |   10|  ap_memory |        output_6        |     array    |
|output_6_ce0            | out |    1|  ap_memory |        output_6        |     array    |
|output_6_we0            | out |    1|  ap_memory |        output_6        |     array    |
|output_6_d0             | out |   16|  ap_memory |        output_6        |     array    |
|output_7_address0       | out |   10|  ap_memory |        output_7        |     array    |
|output_7_ce0            | out |    1|  ap_memory |        output_7        |     array    |
|output_7_we0            | out |    1|  ap_memory |        output_7        |     array    |
|output_7_d0             | out |   16|  ap_memory |        output_7        |     array    |
|output_8_address0       | out |   10|  ap_memory |        output_8        |     array    |
|output_8_ce0            | out |    1|  ap_memory |        output_8        |     array    |
|output_8_we0            | out |    1|  ap_memory |        output_8        |     array    |
|output_8_d0             | out |   16|  ap_memory |        output_8        |     array    |
|output_9_address0       | out |   10|  ap_memory |        output_9        |     array    |
|output_9_ce0            | out |    1|  ap_memory |        output_9        |     array    |
|output_9_we0            | out |    1|  ap_memory |        output_9        |     array    |
|output_9_d0             | out |   16|  ap_memory |        output_9        |     array    |
|output_10_address0      | out |   10|  ap_memory |        output_10       |     array    |
|output_10_ce0           | out |    1|  ap_memory |        output_10       |     array    |
|output_10_we0           | out |    1|  ap_memory |        output_10       |     array    |
|output_10_d0            | out |   16|  ap_memory |        output_10       |     array    |
|output_11_address0      | out |   10|  ap_memory |        output_11       |     array    |
|output_11_ce0           | out |    1|  ap_memory |        output_11       |     array    |
|output_11_we0           | out |    1|  ap_memory |        output_11       |     array    |
|output_11_d0            | out |   16|  ap_memory |        output_11       |     array    |
|output_12_address0      | out |   10|  ap_memory |        output_12       |     array    |
|output_12_ce0           | out |    1|  ap_memory |        output_12       |     array    |
|output_12_we0           | out |    1|  ap_memory |        output_12       |     array    |
|output_12_d0            | out |   16|  ap_memory |        output_12       |     array    |
|output_13_address0      | out |   10|  ap_memory |        output_13       |     array    |
|output_13_ce0           | out |    1|  ap_memory |        output_13       |     array    |
|output_13_we0           | out |    1|  ap_memory |        output_13       |     array    |
|output_13_d0            | out |   16|  ap_memory |        output_13       |     array    |
|output_14_address0      | out |   10|  ap_memory |        output_14       |     array    |
|output_14_ce0           | out |    1|  ap_memory |        output_14       |     array    |
|output_14_we0           | out |    1|  ap_memory |        output_14       |     array    |
|output_14_d0            | out |   16|  ap_memory |        output_14       |     array    |
|output_15_address0      | out |   10|  ap_memory |        output_15       |     array    |
|output_15_ce0           | out |    1|  ap_memory |        output_15       |     array    |
|output_15_we0           | out |    1|  ap_memory |        output_15       |     array    |
|output_15_d0            | out |   16|  ap_memory |        output_15       |     array    |
|input_0_address0        | out |   10|  ap_memory |         input_0        |     array    |
|input_0_ce0             | out |    1|  ap_memory |         input_0        |     array    |
|input_0_q0              |  in |   16|  ap_memory |         input_0        |     array    |
|input_1_address0        | out |   10|  ap_memory |         input_1        |     array    |
|input_1_ce0             | out |    1|  ap_memory |         input_1        |     array    |
|input_1_q0              |  in |   16|  ap_memory |         input_1        |     array    |
|input_2_address0        | out |   10|  ap_memory |         input_2        |     array    |
|input_2_ce0             | out |    1|  ap_memory |         input_2        |     array    |
|input_2_q0              |  in |   16|  ap_memory |         input_2        |     array    |
|input_3_address0        | out |   10|  ap_memory |         input_3        |     array    |
|input_3_ce0             | out |    1|  ap_memory |         input_3        |     array    |
|input_3_q0              |  in |   16|  ap_memory |         input_3        |     array    |
|input_4_address0        | out |   10|  ap_memory |         input_4        |     array    |
|input_4_ce0             | out |    1|  ap_memory |         input_4        |     array    |
|input_4_q0              |  in |   16|  ap_memory |         input_4        |     array    |
|input_5_address0        | out |   10|  ap_memory |         input_5        |     array    |
|input_5_ce0             | out |    1|  ap_memory |         input_5        |     array    |
|input_5_q0              |  in |   16|  ap_memory |         input_5        |     array    |
|input_6_address0        | out |   10|  ap_memory |         input_6        |     array    |
|input_6_ce0             | out |    1|  ap_memory |         input_6        |     array    |
|input_6_q0              |  in |   16|  ap_memory |         input_6        |     array    |
|input_7_address0        | out |   10|  ap_memory |         input_7        |     array    |
|input_7_ce0             | out |    1|  ap_memory |         input_7        |     array    |
|input_7_q0              |  in |   16|  ap_memory |         input_7        |     array    |
|input_8_address0        | out |   10|  ap_memory |         input_8        |     array    |
|input_8_ce0             | out |    1|  ap_memory |         input_8        |     array    |
|input_8_q0              |  in |   16|  ap_memory |         input_8        |     array    |
|input_9_address0        | out |   10|  ap_memory |         input_9        |     array    |
|input_9_ce0             | out |    1|  ap_memory |         input_9        |     array    |
|input_9_q0              |  in |   16|  ap_memory |         input_9        |     array    |
|input_10_address0       | out |   10|  ap_memory |        input_10        |     array    |
|input_10_ce0            | out |    1|  ap_memory |        input_10        |     array    |
|input_10_q0             |  in |   16|  ap_memory |        input_10        |     array    |
|input_11_address0       | out |   10|  ap_memory |        input_11        |     array    |
|input_11_ce0            | out |    1|  ap_memory |        input_11        |     array    |
|input_11_q0             |  in |   16|  ap_memory |        input_11        |     array    |
|input_12_address0       | out |   10|  ap_memory |        input_12        |     array    |
|input_12_ce0            | out |    1|  ap_memory |        input_12        |     array    |
|input_12_q0             |  in |   16|  ap_memory |        input_12        |     array    |
|input_13_address0       | out |   10|  ap_memory |        input_13        |     array    |
|input_13_ce0            | out |    1|  ap_memory |        input_13        |     array    |
|input_13_q0             |  in |   16|  ap_memory |        input_13        |     array    |
|input_14_address0       | out |   10|  ap_memory |        input_14        |     array    |
|input_14_ce0            | out |    1|  ap_memory |        input_14        |     array    |
|input_14_q0             |  in |   16|  ap_memory |        input_14        |     array    |
|input_15_address0       | out |   10|  ap_memory |        input_15        |     array    |
|input_15_ce0            | out |    1|  ap_memory |        input_15        |     array    |
|input_15_q0             |  in |   16|  ap_memory |        input_15        |     array    |
|tile_index              |  in |   32|   ap_none  |       tile_index       |    scalar    |
|tile_num_dim0           |  in |   32|   ap_none  |      tile_num_dim0     |    scalar    |
|var_sharpen_y_extent_0  |  in |   32|   ap_none  | var_sharpen_y_extent_0 |    scalar    |
|var_sharpen_y_extent_1  |  in |   32|   ap_none  | var_sharpen_y_extent_1 |    scalar    |
|var_sharpen_y_min_0     |  in |   32|   ap_none  |   var_sharpen_y_min_0  |    scalar    |
|var_sharpen_y_min_1     |  in |   32|   ap_none  |   var_sharpen_y_min_1  |    scalar    |
+------------------------+-----+-----+------------+------------------------+--------------+

